// Jest Snapshot v1, https://goo.gl/fbAQLP

exports[`ListInput renders with no props 1`] = `
ShallowWrapper {
  "length": 1,
  Symbol(enzyme.__root__): [Circular],
  Symbol(enzyme.__unrendered__): <ListInput
    component={[Function]}
    max={Infinity}
    min={0}
/>,
  Symbol(enzyme.__renderer__): Object {
    "batchedUpdates": [Function],
    "getNode": [Function],
    "render": [Function],
    "simulateEvent": [Function],
    "unmount": [Function],
  },
  Symbol(enzyme.__node__): Object {
    "instance": null,
    "key": undefined,
    "nodeType": "host",
    "props": Object {
      "children": Array [
        <ul
          style={
                    Object {
                              "listStyleType": "none",
                            }
          }
>
          
</ul>,
        <RaisedButton
          disabled={false}
          fullWidth={false}
          label="New"
          labelColor="#ffffff"
          labelPosition="after"
          onClick={[Function]}
          primary={true}
          secondary={false}
/>,
      ],
    },
    "ref": null,
    "rendered": Array [
      Object {
        "instance": null,
        "key": undefined,
        "nodeType": "host",
        "props": Object {
          "children": Array [],
          "style": Object {
            "listStyleType": "none",
          },
        },
        "ref": null,
        "rendered": Array [],
        "type": "ul",
      },
      Object {
        "instance": null,
        "key": undefined,
        "nodeType": "class",
        "props": Object {
          "disabled": false,
          "fullWidth": false,
          "label": "New",
          "labelColor": "#ffffff",
          "labelPosition": "after",
          "onClick": [Function],
          "primary": true,
          "secondary": false,
        },
        "ref": null,
        "rendered": null,
        "type": [Function],
      },
    ],
    "type": "div",
  },
  Symbol(enzyme.__nodes__): Array [
    Object {
      "instance": null,
      "key": undefined,
      "nodeType": "host",
      "props": Object {
        "children": Array [
          <ul
            style={
                        Object {
                                    "listStyleType": "none",
                                  }
            }
>
            
</ul>,
          <RaisedButton
            disabled={false}
            fullWidth={false}
            label="New"
            labelColor="#ffffff"
            labelPosition="after"
            onClick={[Function]}
            primary={true}
            secondary={false}
/>,
        ],
      },
      "ref": null,
      "rendered": Array [
        Object {
          "instance": null,
          "key": undefined,
          "nodeType": "host",
          "props": Object {
            "children": Array [],
            "style": Object {
              "listStyleType": "none",
            },
          },
          "ref": null,
          "rendered": Array [],
          "type": "ul",
        },
        Object {
          "instance": null,
          "key": undefined,
          "nodeType": "class",
          "props": Object {
            "disabled": false,
            "fullWidth": false,
            "label": "New",
            "labelColor": "#ffffff",
            "labelPosition": "after",
            "onClick": [Function],
            "primary": true,
            "secondary": false,
          },
          "ref": null,
          "rendered": null,
          "type": [Function],
        },
      ],
      "type": "div",
    },
  ],
  Symbol(enzyme.__options__): Object {
    "adapter": ReactSixteenAdapter {
      "options": Object {
        "enableComponentDidUpdateOnSetState": true,
      },
    },
  },
}
`;
